--START-OF-TEST---------------

------------------------------
Test nr: 0
10
11
12
13
14
15

------------------------------
Test nr: 1
20
21
22
23

------------------------------
Test nr: 2
10
11
12
13
14
15

------------------------------
Test nr: 2
6

------------------------------
Test nr: 3
118
108
105
101
103
116
117
105
103

------------------------------
Test nr: 3
97
98

------------------------------
Test nr: 4
10
18
3
122
90

------------------------------
Test nr: 5
4

------------------------------
Test nr: 6
116
114
101
101

