--START-OF-TEST---------------

------------------------------
Test nr: 0
10
11
12
13
14
15

------------------------------
Test nr: 1
20
21
22
23

------------------------------
Test nr: 2
10
11
12
13
14
15

------------------------------
Test nr: 2
6

