--START-OF-TEST---------------

------------------------------
Test nr: 1
10
20
25
30
40
45
50

------------------------------
Test nr: 2
5
10
20
25
30
40

------------------------------
Test nr: 3
5

------------------------------
Test nr: 4
6
7
8
9
0
1
2
3

------------------------------
Test nr: 5
0
12
12
34
34
107
108
109

