testrun: test_001                
--START-OF-TEST---------------

------------------------------
Test nr: 1
10
20
25
30
40
45
50

------------------------------
Test nr: 2
5
10
20
25
30
40

------------------------------
Test nr: 3
5

------------------------------
Test nr: 4
6
7
8
9
0
1
2
3

------------------------------
Test nr: 5
0
12
12
34
34
107
108
109

testrun: test_002                
--START-OF-TEST---------------

------------------------------
Test nr: 1
2

------------------------------
Test nr: 2
2

testrun: test_003                
--START-OF-TEST---------------

------------------------------
Test nr: 1
107

testrun: test_004                
--START-OF-TEST---------------

------------------------------
Test nr: 1
3
1

------------------------------
Test nr: 2
3
3

------------------------------
Test nr: 3
1

testrun: test_005                
--START-OF-TEST---------------

------------------------------
Test nr: 1
1
10
2

------------------------------
Test nr: 2
1
18
2

------------------------------
Test nr: 3
4

------------------------------
Test nr: 4
4
testrun: test_006                
--START-OF-TEST---------------

------------------------------
Test nr: 1
0
10
10

------------------------------
Test nr: 2
16
2
53
8
97

------------------------------
Test nr: 3
10
16
2
8

