
Analysis of /home/robh/jallib/TORELEASE dd Tue Apr 21 10:54:54 2015 (local time)



TORELEASE contains  523 Device files
                    191 Function libraries in the following categories:
                          81 External
                           4 FileSystem
                          36 JAL Extension
                          10 Networking
                          55 Peripheral
                           5 Protocol
                   1510 Samples in following categories (based on primary library):
                          20 ADC
                         587 Blink-a-led
                         133 I2C
                          90 [G]LCD
                           8 Networking
                          52 PWM
                          96 Serial
                          26 USB
                         498 Other
                     15 Project files
                      2 Documentation files


Unreleased libraries and device files
--------------------------------------------------------
include/device/12lf1840t39a.jal
include/device/12lf1840t48a.jal
include/device/16f1574.jal
include/device/16f1575.jal
include/device/16f1578.jal
include/device/16f1579.jal
include/device/16f1764.jal
include/device/16f1765.jal
include/device/16f1768.jal
include/device/16f1769.jal
include/device/16f1829lin.jal
include/device/16f83.jal
include/device/16f84.jal
include/device/16lf1574.jal
include/device/16lf1575.jal
include/device/16lf1578.jal
include/device/16lf1579.jal
include/device/16lf1764.jal
include/device/16lf1765.jal
include/device/16lf1768.jal
include/device/16lf1769.jal
include/device/16lf1824t39a.jal
include/device/18f86j72.jal
include/device/18f87j72.jal
include/external/battery/ltc2942.jal
include/external/lcd/glcd_nokia_3310.jal
include/external/motor/stepper/steppermotor.jal
include/external/oxygen/goel370.jal
include/external/pressure/bmp085.jal
include/external/rtc/rtc_ds1302.jal
include/external/rtc/rtc_mcp7940.jal
include/external/sound/beep.jal
include/external/storage/flash_sst25vf.jal
include/external/storage/usb_msd.jal
include/external/temperature/temperature_max6675.jal
include/peripheral/spi/spi_slave_hw.jal

36 unreleased libraries and device files


Unreleased samples (including basic blink samples)
-------------------------------------------------------
sample/12lf1840t39a_blink_hs.jal
sample/12lf1840t48a_blink_hs.jal
sample/16f1455_blink_intosc_usb.jal
sample/16f1519_bmp085.jal
sample/16f1574_blink_intosc.jal
sample/16f1575_blink_intosc.jal
sample/16f1578_blink_intosc.jal
sample/16f1579_blink_intosc.jal
sample/16f1615_blink_intosc.jal
sample/16f1764_blink_hs.jal
sample/16f1765_blink_hs.jal
sample/16f1765_blink_intosc.jal
sample/16f1768_blink_hs.jal
sample/16f1769_blink_hs.jal
sample/16f1769_blink_intosc.jal
sample/16f1829lin_blink_hs.jal
sample/16f83_blink_hs.jal
sample/16f84_blink_hs.jal
sample/16lf1574_blink_intosc.jal
sample/16lf1575_blink_intosc.jal
sample/16lf1578_blink_intosc.jal
sample/16lf1579_blink_intosc.jal
sample/16lf1764_blink_hs.jal
sample/16lf1765_blink_hs.jal
sample/16lf1768_blink_hs.jal
sample/16lf1769_blink_hs.jal
sample/16lf1769_blink_intosc.jal
sample/16lf1824t39a_blink_hs.jal
sample/18f2585_oxygen_goel370.jal
sample/18f26k22_sst25vf.jal
sample/18f27j53_sst25vf.jal
sample/18f4550_nokia_3310_font.jal
sample/18f4550_nokia_3310_gfx.jal
sample/18f4550_nokia_3310_pixel.jal
sample/18f4550_nokia_3310_sprite.jal
sample/18f4550_temperature_max6675.jal
sample/18f4550_timer3.jal
sample/18f4620_rtc_mcp7940.jal
sample/18f4620_spi_slave_hw.jal
sample/18f67j50_fat32_usb_msd_sd_card.jal
sample/18f67j50_usb_msd_pata_hard_disk.jal
sample/18f67j50_usb_msd_sd_card.jal
sample/18f86j72_blink_hs.jal
sample/18f87j72_blink_hs.jal

44 unreleased sample files


Unreleased Project files
------------------------
project/catpad_mw/Handset_16f877.jal
project/catpad_mw/adc_channels.jal
project/catpad_mw/adc_clock.jal
project/catpad_mw/analogue.jal
project/catpad_mw/array_storage.jal
project/catpad_mw/bcd_utils.jal
project/catpad_mw/calendar.jal
project/catpad_mw/cat_ft817.jal
project/catpad_mw/catpad_main.jal
project/catpad_mw/catpatv2.jal
project/catpad_mw/delay.jal
project/catpad_mw/dev_glcd_ks0108.jal
project/catpad_mw/dev_keypad5x5.jal
project/catpad_mw/dev_keypad6x8.jal
project/catpad_mw/dev_lcd_hd44780_4.jal
project/catpad_mw/dev_lcd_hd44780_common.jal
project/catpad_mw/dev_rds_rx.jal
project/catpad_mw/dev_sram_23k256_spi.jal
project/catpad_mw/graphics.jal
project/catpad_mw/io_i2c_sw.jal
project/catpad_mw/io_usart_common.jal
project/catpad_mw/io_usart_hw.jal
project/catpad_mw/io_usart_hw_int.jal
project/catpad_mw/io_usart_int.jal
project/catpad_mw/io_usb_cdc_class.jal
project/catpad_mw/io_usb_defs.jal
project/catpad_mw/io_usb_drv.jal
project/catpad_mw/io_usb_drv_core.jal
project/catpad_mw/io_usb_serial.jal
project/catpad_mw/math_int.jal
project/catpad_mw/terminal.jal
project/catpad_mw/wiring.jal
project/catpad_mw/v01catpad/Glcd1.sch
project/catpad_mw/v01catpad/bcd_utils.jal
project/catpad_mw/v01catpad/catpatv1.jal
project/catpad_mw/v01catpad/cmds_ft817.jal
project/catpad_mw/v01catpad/eeprom_24lc256mw.jal
project/catpad_mw/v01catpad/fmRadio1.sch
project/catpad_mw/v01catpad/glcd_ks0108mw.jal
project/catpad_mw/v01catpad/graphics_mw.jal
project/catpad_mw/v01catpad/isr_250_tmr0.jal
project/catpad_mw/v01catpad/keypad5_2mw.jal
project/catpad_mw/v01catpad/main.sch
project/catpad_mw/v01catpad/math_mw.jal
project/catpad_mw/v01catpad/rds_rx.jal
project/catpad_mw/v01catpad/readme.txt
project/catpad_mw/v01catpad/serial_hardwaremw.jal
project/delay_calibrate/delay_calibrate.jal
project/delay_calibrate/serial_hardware_hacked.jal
project/fat32_new/18f67j50_fat32_pata_hard_disk.jal
project/fat32_new/18f67j50_fat32_sd_card.jal
project/fat32_new/18f67j50_fat32_small_sd_card.jal
project/fat32_new/18f67j50_mp3_decoder_sta015_pata_hard_disk.jal
project/fat32_new/18f67j50_mp3_decoder_sta015_sd_card.jal
project/fat32_new/18f67j50_pata_hard_disk.jal
project/fat32_new/18f67j50_sd_card.jal
project/fat32_new/fat32.jal
project/fat32_new/fat32_small.jal
project/fat32_new/pata_hard_disk.jal
project/fat32_new/sd_card.jal
project/glcd_cache/18f4550_glcd_ks0108.jal
project/pic18f14k50_usb_io/18F14K50_usb_io_board_PCB.pdf
project/pic18f14k50_usb_io/18F14K50_usb_io_board_schematic.pdf
project/pic18f14k50_usb_io/bootloader/18f14k50_usb_bootloader.hex
project/pic18f14k50_usb_io/bootloader/host_bootloader_application/UsbBootLoader.py
project/pic18f14k50_usb_io/bootloader/host_bootloader_application/UsbBootLoaderDriver.py
project/pic18f14k50_usb_io/bootloader/host_bootloader_application/UsbBootLoaderW.py
project/pic18f14k50_usb_io/bootloader/host_bootloader_application/connec9.ico
project/pic18f14k50_usb_io/bootloader/host_bootloader_application/intelhex.py
project/pic18f14k50_usb_io/bootloader/host_bootloader_application/setup.py
project/pic18f14k50_usb_io/led_switch_test/18f14k50_led_switch_test.hex
project/pic18f14k50_usb_io/serial_converter/usb_serial_converter.hex

72 unreleased project files



Files listed in TORELEASE, but missing in Jallib
------------------------------------------------
Line#  File
 721   project/pic18f14k50_usb_io/18f14k50_usb_io_board_pcb.pdf
 722   project/pic18f14k50_usb_io/18f14k50_usb_io_board_schematic.pdf

